Script started on Mon Apr 15 08:04:56 2019
[?1034handromeda
$ git init
Initialized empty Git repository in /Users/eric/Documents/Development/html/butler/.git/
andromeda
$ ls
Jenkinsfile	README.md	typescript
andromeda
$ git add .
andromeda
$ git status
On branch master

No commits yet

Changes to be committed:
  (use "git rm --cached <file>..." to unstage)

	[32mnew file:   Jenkinsfile[m
	[32mnew file:   README.md[m
	[32mnew file:   typescript[m

Changes not staged for commit:
  (use "git add <file>..." to update what will be committed)
  (use "git checkout -- <file>..." to discard changes in working directory)

	[31mmodified:   typescript[m

andromeda
$ 